[2025-10-10T09:00:10.149+0000] {taskinstance.py:1979} INFO - Dependencies all met for dep_context=non-requeueable deps ti=<TaskInstance: environmental_data_pipeline.collect_environmental_data scheduled__2025-10-10T08:00:00+00:00 [queued]>
[2025-10-10T09:00:10.161+0000] {taskinstance.py:1979} INFO - Dependencies all met for dep_context=requeueable deps ti=<TaskInstance: environmental_data_pipeline.collect_environmental_data scheduled__2025-10-10T08:00:00+00:00 [queued]>
[2025-10-10T09:00:10.161+0000] {taskinstance.py:2193} INFO - Starting attempt 1 of 2
[2025-10-10T09:00:10.178+0000] {taskinstance.py:2217} INFO - Executing <Task(PythonOperator): collect_environmental_data> on 2025-10-10 08:00:00+00:00
[2025-10-10T09:00:10.186+0000] {standard_task_runner.py:60} INFO - Started process 460 to run task
[2025-10-10T09:00:10.191+0000] {standard_task_runner.py:87} INFO - Running: ['***', 'tasks', 'run', 'environmental_data_pipeline', 'collect_environmental_data', 'scheduled__2025-10-10T08:00:00+00:00', '--job-id', '21', '--raw', '--subdir', 'DAGS_FOLDER/environmental_data_pipeline.py', '--cfg-path', '/tmp/tmpcod8997t']
[2025-10-10T09:00:10.194+0000] {standard_task_runner.py:88} INFO - Job 21: Subtask collect_environmental_data
[2025-10-10T09:00:10.221+0000] {logging_mixin.py:188} WARNING - /home/***/.local/lib/python3.10/site-packages/***/settings.py:194 DeprecationWarning: The sql_alchemy_conn option in [core] has been moved to the sql_alchemy_conn option in [database] - the old setting has been used, but please update your config.
[2025-10-10T09:00:10.283+0000] {task_command.py:423} INFO - Running <TaskInstance: environmental_data_pipeline.collect_environmental_data scheduled__2025-10-10T08:00:00+00:00 [running]> on host 0f3d78d9a7de
[2025-10-10T09:00:10.580+0000] {taskinstance.py:2513} INFO - Exporting env vars: AIRFLOW_CTX_DAG_OWNER='environmental_team' AIRFLOW_CTX_DAG_ID='environmental_data_pipeline' AIRFLOW_CTX_TASK_ID='collect_environmental_data' AIRFLOW_CTX_EXECUTION_DATE='2025-10-10T08:00:00+00:00' AIRFLOW_CTX_TRY_NUMBER='1' AIRFLOW_CTX_DAG_RUN_ID='scheduled__2025-10-10T08:00:00+00:00'
[2025-10-10T09:00:11.212+0000] {logging_mixin.py:188} INFO - Starting data collection...
[2025-10-10T09:00:11.222+0000] {database.py:27} INFO - ✅ Connected to PostgreSQL database
[2025-10-10T09:00:11.244+0000] {database.py:140} INFO - ✅ Table already exists: air_quality
[2025-10-10T09:00:11.246+0000] {database.py:140} INFO - ✅ Table already exists: fire_alerts
[2025-10-10T09:00:11.248+0000] {database.py:140} INFO - ✅ Table already exists: climate_data
[2025-10-10T09:00:11.249+0000] {database.py:140} INFO - ✅ Table already exists: economic_data
[2025-10-10T09:00:11.251+0000] {database.py:140} INFO - ✅ Table already exists: water_quality
[2025-10-10T09:00:11.251+0000] {database.py:165} INFO - ✅ All tables are accessible
[2025-10-10T09:00:11.251+0000] {logging_mixin.py:188} INFO - 🌍 Starting Environmental Data Collection...
[2025-10-10T09:00:13.606+0000] {logging_mixin.py:188} INFO - ✅ Collected air quality for Lagos
[2025-10-10T09:00:13.250+0000] {logging_mixin.py:188} INFO - ✅ Collected air quality for Abuja
[2025-10-10T09:00:15.512+0000] {logging_mixin.py:188} INFO - ✅ Collected air quality for Port Harcourt
[2025-10-10T09:00:17.689+0000] {logging_mixin.py:188} INFO - ✅ Collected air quality for Accra
[2025-10-10T09:00:19.764+0000] {logging_mixin.py:188} INFO - ✅ Collected air quality for Kumasi
[2025-10-10T09:00:22.102+0000] {logging_mixin.py:188} INFO - ✅ Collected air quality for Lomé
[2025-10-10T09:00:24.214+0000] {logging_mixin.py:188} INFO - ✅ Collected air quality for Yaoundé
[2025-10-10T09:00:26.364+0000] {logging_mixin.py:188} INFO - ✅ Collected air quality for Douala
[2025-10-10T09:00:33.259+0000] {logging_mixin.py:188} INFO - ✅ Collected air quality for N'Djamena
[2025-10-10T09:00:35.343+0000] {logging_mixin.py:188} INFO - ✅ Collected air quality for Kinshasa
[2025-10-10T09:00:46.721+0000] {logging_mixin.py:188} INFO - ✅ Collected air quality for Lubumbashi
[2025-10-10T09:00:51.830+0000] {logging_mixin.py:188} INFO - ✅ Collected air quality for Goma
[2025-10-10T09:01:03.389+0000] {logging_mixin.py:188} INFO - ✅ Collected air quality for Kigali
[2025-10-10T09:01:05.544+0000] {logging_mixin.py:188} INFO - ✅ Collected air quality for Nairobi
[2025-10-10T09:01:07.944+0000] {logging_mixin.py:188} INFO - ✅ Collected air quality for Addis Ababa
[2025-10-10T09:01:36.424+0000] {logging_mixin.py:188} INFO - ✅ Collected air quality for Cape Town
[2025-10-10T09:02:04.707+0000] {logging_mixin.py:188} INFO - ✅ Collected air quality for Johannesburg
[2025-10-10T09:02:06.914+0000] {logging_mixin.py:188} INFO - ✅ Collected air quality for Dakar
[2025-10-10T09:02:09.072+0000] {logging_mixin.py:188} INFO - ✅ Collected air quality for Cairo
[2025-10-10T09:02:33.407+0000] {logging_mixin.py:188} INFO - ✅ Collected 1000 African fire alerts
[2025-10-10T09:02:38.018+0000] {logging_mixin.py:188} INFO - ✅ Collected climate data for Lagos
[2025-10-10T09:02:40.923+0000] {logging_mixin.py:188} INFO - ✅ Collected climate data for Abuja
[2025-10-10T09:02:44.108+0000] {logging_mixin.py:188} INFO - ✅ Collected climate data for Port Harcourt
[2025-10-10T09:02:43.717+0000] {logging_mixin.py:188} INFO - ✅ Collected climate data for Accra
[2025-10-10T09:02:46.802+0000] {logging_mixin.py:188} INFO - ✅ Collected climate data for Kumasi
[2025-10-10T09:02:49.472+0000] {logging_mixin.py:188} INFO - ✅ Collected climate data for Lomé
[2025-10-10T09:02:52.360+0000] {logging_mixin.py:188} INFO - ✅ Collected climate data for Yaoundé
[2025-10-10T09:02:55.507+0000] {logging_mixin.py:188} INFO - ✅ Collected climate data for Douala
[2025-10-10T09:02:58.594+0000] {logging_mixin.py:188} INFO - ✅ Collected climate data for N'Djamena
[2025-10-10T09:03:01.355+0000] {logging_mixin.py:188} INFO - ✅ Collected climate data for Kinshasa
[2025-10-10T09:03:04.378+0000] {logging_mixin.py:188} INFO - ✅ Collected climate data for Lubumbashi
[2025-10-10T09:03:06.805+0000] {logging_mixin.py:188} INFO - ✅ Collected climate data for Goma
[2025-10-10T09:03:09.850+0000] {logging_mixin.py:188} INFO - ✅ Collected climate data for Kigali
[2025-10-10T09:03:13.103+0000] {logging_mixin.py:188} INFO - ✅ Collected climate data for Nairobi
[2025-10-10T09:03:13.234+0000] {logging_mixin.py:188} INFO - ✅ Collected climate data for Addis Ababa
[2025-10-10T09:03:16.335+0000] {logging_mixin.py:188} INFO - ✅ Collected climate data for Cape Town
[2025-10-10T09:03:18.978+0000] {logging_mixin.py:188} INFO - ✅ Collected climate data for Johannesburg
[2025-10-10T09:03:22.134+0000] {logging_mixin.py:188} INFO - ✅ Collected climate data for Dakar
[2025-10-10T09:03:25.006+0000] {logging_mixin.py:188} INFO - ✅ Collected climate data for Cairo
[2025-10-10T09:03:45.581+0000] {logging_mixin.py:188} INFO - ✅ Collected economic data for 48 records
[2025-10-10T09:03:45.585+0000] {logging_mixin.py:188} INFO - ✅ Collected simulated water quality for Lagos
[2025-10-10T09:03:45.586+0000] {logging_mixin.py:188} INFO - ✅ Collected simulated water quality for Abuja
[2025-10-10T09:03:45.586+0000] {logging_mixin.py:188} INFO - ✅ Collected simulated water quality for Port Harcourt
[2025-10-10T09:03:45.587+0000] {logging_mixin.py:188} INFO - ✅ Collected simulated water quality for Accra
[2025-10-10T09:03:45.587+0000] {logging_mixin.py:188} INFO - ✅ Collected simulated water quality for Kumasi
[2025-10-10T09:03:45.648+0000] {database.py:210} INFO - ✅ Inserted 19 air quality records
[2025-10-10T09:03:45.925+0000] {database.py:256} INFO - ✅ Inserted 100 fire alert records
[2025-10-10T09:03:45.940+0000] {database.py:302} INFO - ✅ Inserted 19 climate records
[2025-10-10T09:03:45.966+0000] {database.py:352} INFO - ✅ Inserted 0 economic records
[2025-10-10T09:03:45.984+0000] {database.py:398} INFO - ✅ Inserted 5 water quality records
[2025-10-10T09:03:45.985+0000] {logging_mixin.py:188} INFO - ✅ All data successfully saved to PostgreSQL database
[2025-10-10T09:03:45.993+0000] {logging_mixin.py:188} INFO - 💾 Saved air quality data to CSV: 19 records
[2025-10-10T09:03:45.999+0000] {logging_mixin.py:188} INFO - 💾 Saved fire data to CSV: 1000 records
[2025-10-10T09:03:46.001+0000] {logging_mixin.py:188} INFO - 💾 Saved climate data to CSV: 19 records
[2025-10-10T09:03:46.004+0000] {logging_mixin.py:188} INFO - 💾 Saved economic data to CSV: 48 records
[2025-10-10T09:03:46.006+0000] {logging_mixin.py:188} INFO - 💾 Saved water quality data to CSV: 5 records
[2025-10-10T09:03:46.006+0000] {logging_mixin.py:188} INFO - 
✅ Data collection and storage complete!
[2025-10-10T09:03:46.006+0000] {logging_mixin.py:188} INFO - 📊 Data Summary:
[2025-10-10T09:03:46.006+0000] {logging_mixin.py:188} INFO -    Air Quality Records: 19
[2025-10-10T09:03:46.007+0000] {logging_mixin.py:188} INFO -    Fire Alert Records: 1000
[2025-10-10T09:03:46.007+0000] {logging_mixin.py:188} INFO -    Climate Records: 19
[2025-10-10T09:03:46.007+0000] {logging_mixin.py:188} INFO -    Economic Records: 48
[2025-10-10T09:03:46.007+0000] {logging_mixin.py:188} INFO -    Water Quality Records: 5
[2025-10-10T09:03:46.008+0000] {database.py:446} INFO - ✅ Database connection closed
[2025-10-10T09:03:46.008+0000] {logging_mixin.py:188} INFO - ✅ Data collection successful!
[2025-10-10T09:03:46.008+0000] {logging_mixin.py:188} INFO -    Air Quality: 19 records
[2025-10-10T09:03:46.008+0000] {logging_mixin.py:188} INFO -    Fire Alerts: 1000 records
[2025-10-10T09:03:46.008+0000] {logging_mixin.py:188} INFO -    Climate Data: 19 records
[2025-10-10T09:03:46.009+0000] {logging_mixin.py:188} INFO -    Economic Data: 48 records
[2025-10-10T09:03:46.009+0000] {logging_mixin.py:188} INFO -    Water Quality: 5 records
[2025-10-10T09:03:46.009+0000] {python.py:202} INFO - Done. Returned value was: True
[2025-10-10T09:03:46.082+0000] {taskinstance.py:1149} INFO - Marking task as SUCCESS. dag_id=environmental_data_pipeline, task_id=collect_environmental_data, execution_date=20251010T080000, start_date=20251010T090010, end_date=20251010T090346
[2025-10-10T09:03:47.284+0000] {local_task_job_runner.py:234} INFO - Task exited with return code 0
[2025-10-10T09:03:47.312+0000] {taskinstance.py:3312} INFO - 0 downstream tasks scheduled from follow-on schedule check
