[2025-10-10T09:00:04.758+0000] {taskinstance.py:1979} INFO - Dependencies all met for dep_context=non-requeueable deps ti=<TaskInstance: environmental_data_pipeline.check_database_connection scheduled__2025-10-10T08:00:00+00:00 [queued]>
[2025-10-10T09:00:04.809+0000] {taskinstance.py:1979} INFO - Dependencies all met for dep_context=requeueable deps ti=<TaskInstance: environmental_data_pipeline.check_database_connection scheduled__2025-10-10T08:00:00+00:00 [queued]>
[2025-10-10T09:00:04.810+0000] {taskinstance.py:2193} INFO - Starting attempt 1 of 2
[2025-10-10T09:00:04.846+0000] {taskinstance.py:2217} INFO - Executing <Task(PythonOperator): check_database_connection> on 2025-10-10 08:00:00+00:00
[2025-10-10T09:00:04.853+0000] {standard_task_runner.py:60} INFO - Started process 457 to run task
[2025-10-10T09:00:04.877+0000] {standard_task_runner.py:87} INFO - Running: ['***', 'tasks', 'run', 'environmental_data_pipeline', 'check_database_connection', 'scheduled__2025-10-10T08:00:00+00:00', '--job-id', '20', '--raw', '--subdir', 'DAGS_FOLDER/environmental_data_pipeline.py', '--cfg-path', '/tmp/tmpuzl5jxlm']
[2025-10-10T09:00:04.881+0000] {standard_task_runner.py:88} INFO - Job 20: Subtask check_database_connection
[2025-10-10T09:00:05.107+0000] {logging_mixin.py:188} WARNING - /home/***/.local/lib/python3.10/site-packages/***/settings.py:194 DeprecationWarning: The sql_alchemy_conn option in [core] has been moved to the sql_alchemy_conn option in [database] - the old setting has been used, but please update your config.
[2025-10-10T09:00:05.815+0000] {task_command.py:423} INFO - Running <TaskInstance: environmental_data_pipeline.check_database_connection scheduled__2025-10-10T08:00:00+00:00 [running]> on host 0f3d78d9a7de
[2025-10-10T09:00:06.486+0000] {taskinstance.py:2513} INFO - Exporting env vars: AIRFLOW_CTX_DAG_OWNER='environmental_team' AIRFLOW_CTX_DAG_ID='environmental_data_pipeline' AIRFLOW_CTX_TASK_ID='check_database_connection' AIRFLOW_CTX_EXECUTION_DATE='2025-10-10T08:00:00+00:00' AIRFLOW_CTX_TRY_NUMBER='1' AIRFLOW_CTX_DAG_RUN_ID='scheduled__2025-10-10T08:00:00+00:00'
[2025-10-10T09:00:09.085+0000] {database.py:27} INFO - ✅ Connected to PostgreSQL database
[2025-10-10T09:00:09.135+0000] {database.py:140} INFO - ✅ Table already exists: air_quality
[2025-10-10T09:00:09.137+0000] {database.py:140} INFO - ✅ Table already exists: fire_alerts
[2025-10-10T09:00:09.139+0000] {database.py:140} INFO - ✅ Table already exists: climate_data
[2025-10-10T09:00:09.141+0000] {database.py:140} INFO - ✅ Table already exists: economic_data
[2025-10-10T09:00:09.142+0000] {database.py:140} INFO - ✅ Table already exists: water_quality
[2025-10-10T09:00:09.143+0000] {database.py:165} INFO - ✅ All tables are accessible
[2025-10-10T09:00:09.221+0000] {logging_mixin.py:188} INFO - ✅ Database connection successful!
[2025-10-10T09:00:09.222+0000] {logging_mixin.py:188} INFO -    air_quality: 152 records
[2025-10-10T09:00:09.222+0000] {logging_mixin.py:188} INFO -    fire_alerts: 8000 records
[2025-10-10T09:00:09.223+0000] {logging_mixin.py:188} INFO -    climate_data: 152 records
[2025-10-10T09:00:09.223+0000] {logging_mixin.py:188} INFO -    economic_data: 48 records
[2025-10-10T09:00:09.223+0000] {logging_mixin.py:188} INFO -    water_quality: 40 records
[2025-10-10T09:00:09.237+0000] {database.py:446} INFO - ✅ Database connection closed
[2025-10-10T09:00:09.238+0000] {python.py:202} INFO - Done. Returned value was: True
[2025-10-10T09:00:09.303+0000] {taskinstance.py:1149} INFO - Marking task as SUCCESS. dag_id=environmental_data_pipeline, task_id=check_database_connection, execution_date=20251010T080000, start_date=20251010T090004, end_date=20251010T090009
[2025-10-10T09:00:09.374+0000] {local_task_job_runner.py:234} INFO - Task exited with return code 0
[2025-10-10T09:00:09.422+0000] {taskinstance.py:3312} INFO - 1 downstream tasks scheduled from follow-on schedule check
