[2025-10-10T11:00:02.807+0000] {taskinstance.py:1979} INFO - Dependencies all met for dep_context=non-requeueable deps ti=<TaskInstance: environmental_data_pipeline.check_database_connection scheduled__2025-10-10T10:00:00+00:00 [queued]>
[2025-10-10T11:00:02.826+0000] {taskinstance.py:1979} INFO - Dependencies all met for dep_context=requeueable deps ti=<TaskInstance: environmental_data_pipeline.check_database_connection scheduled__2025-10-10T10:00:00+00:00 [queued]>
[2025-10-10T11:00:02.827+0000] {taskinstance.py:2193} INFO - Starting attempt 1 of 2
[2025-10-10T11:00:02.864+0000] {taskinstance.py:2217} INFO - Executing <Task(PythonOperator): check_database_connection> on 2025-10-10 10:00:00+00:00
[2025-10-10T11:00:02.874+0000] {standard_task_runner.py:60} INFO - Started process 1639 to run task
[2025-10-10T11:00:02.880+0000] {standard_task_runner.py:87} INFO - Running: ['***', 'tasks', 'run', 'environmental_data_pipeline', 'check_database_connection', 'scheduled__2025-10-10T10:00:00+00:00', '--job-id', '24', '--raw', '--subdir', 'DAGS_FOLDER/environmental_data_pipeline.py', '--cfg-path', '/tmp/tmp143ks8ql']
[2025-10-10T11:00:02.883+0000] {standard_task_runner.py:88} INFO - Job 24: Subtask check_database_connection
[2025-10-10T11:00:02.964+0000] {logging_mixin.py:188} WARNING - /home/***/.local/lib/python3.10/site-packages/***/settings.py:194 DeprecationWarning: The sql_alchemy_conn option in [core] has been moved to the sql_alchemy_conn option in [database] - the old setting has been used, but please update your config.
[2025-10-10T11:00:03.073+0000] {task_command.py:423} INFO - Running <TaskInstance: environmental_data_pipeline.check_database_connection scheduled__2025-10-10T10:00:00+00:00 [running]> on host 0f3d78d9a7de
[2025-10-10T11:00:03.419+0000] {taskinstance.py:2513} INFO - Exporting env vars: AIRFLOW_CTX_DAG_OWNER='environmental_team' AIRFLOW_CTX_DAG_ID='environmental_data_pipeline' AIRFLOW_CTX_TASK_ID='check_database_connection' AIRFLOW_CTX_EXECUTION_DATE='2025-10-10T10:00:00+00:00' AIRFLOW_CTX_TRY_NUMBER='1' AIRFLOW_CTX_DAG_RUN_ID='scheduled__2025-10-10T10:00:00+00:00'
[2025-10-10T11:00:06.074+0000] {database.py:27} INFO - ✅ Connected to PostgreSQL database
[2025-10-10T11:00:06.170+0000] {database.py:140} INFO - ✅ Table already exists: air_quality
[2025-10-10T11:00:06.181+0000] {database.py:140} INFO - ✅ Table already exists: fire_alerts
[2025-10-10T11:00:06.186+0000] {database.py:140} INFO - ✅ Table already exists: climate_data
[2025-10-10T11:00:06.191+0000] {database.py:140} INFO - ✅ Table already exists: economic_data
[2025-10-10T11:00:06.197+0000] {database.py:140} INFO - ✅ Table already exists: water_quality
[2025-10-10T11:00:06.201+0000] {database.py:165} INFO - ✅ All tables are accessible
[2025-10-10T11:00:06.255+0000] {logging_mixin.py:188} INFO - ✅ Database connection successful!
[2025-10-10T11:00:06.256+0000] {logging_mixin.py:188} INFO -    air_quality: 190 records
[2025-10-10T11:00:06.256+0000] {logging_mixin.py:188} INFO -    fire_alerts: 10000 records
[2025-10-10T11:00:06.256+0000] {logging_mixin.py:188} INFO -    climate_data: 190 records
[2025-10-10T11:00:06.257+0000] {logging_mixin.py:188} INFO -    economic_data: 48 records
[2025-10-10T11:00:06.258+0000] {logging_mixin.py:188} INFO -    water_quality: 50 records
[2025-10-10T11:00:06.259+0000] {database.py:446} INFO - ✅ Database connection closed
[2025-10-10T11:00:06.264+0000] {python.py:202} INFO - Done. Returned value was: True
[2025-10-10T11:00:06.448+0000] {taskinstance.py:1149} INFO - Marking task as SUCCESS. dag_id=environmental_data_pipeline, task_id=check_database_connection, execution_date=20251010T100000, start_date=20251010T110002, end_date=20251010T110006
[2025-10-10T11:00:06.610+0000] {local_task_job_runner.py:234} INFO - Task exited with return code 0
[2025-10-10T11:00:06.772+0000] {taskinstance.py:3312} INFO - 1 downstream tasks scheduled from follow-on schedule check
