[2025-10-10T08:21:15.018+0000] {taskinstance.py:1979} INFO - Dependencies all met for dep_context=non-requeueable deps ti=<TaskInstance: environmental_data_pipeline.check_database_connection scheduled__2025-10-10T07:00:00+00:00 [queued]>
[2025-10-10T08:21:15.038+0000] {taskinstance.py:1979} INFO - Dependencies all met for dep_context=requeueable deps ti=<TaskInstance: environmental_data_pipeline.check_database_connection scheduled__2025-10-10T07:00:00+00:00 [queued]>
[2025-10-10T08:21:15.039+0000] {taskinstance.py:2193} INFO - Starting attempt 5 of 6
[2025-10-10T08:21:15.070+0000] {taskinstance.py:2217} INFO - Executing <Task(PythonOperator): check_database_connection> on 2025-10-10 07:00:00+00:00
[2025-10-10T08:21:15.078+0000] {standard_task_runner.py:60} INFO - Started process 182 to run task
[2025-10-10T08:21:15.087+0000] {standard_task_runner.py:87} INFO - Running: ['***', 'tasks', 'run', 'environmental_data_pipeline', 'check_database_connection', 'scheduled__2025-10-10T07:00:00+00:00', '--job-id', '15', '--raw', '--subdir', 'DAGS_FOLDER/environmental_data_pipeline.py', '--cfg-path', '/tmp/tmpb0rxr2kf']
[2025-10-10T08:21:15.104+0000] {standard_task_runner.py:88} INFO - Job 15: Subtask check_database_connection
[2025-10-10T08:21:15.184+0000] {logging_mixin.py:188} WARNING - /home/***/.local/lib/python3.10/site-packages/***/settings.py:194 DeprecationWarning: The sql_alchemy_conn option in [core] has been moved to the sql_alchemy_conn option in [database] - the old setting has been used, but please update your config.
[2025-10-10T08:21:15.240+0000] {task_command.py:423} INFO - Running <TaskInstance: environmental_data_pipeline.check_database_connection scheduled__2025-10-10T07:00:00+00:00 [running]> on host 89a2ea75018f
[2025-10-10T08:21:15.395+0000] {taskinstance.py:2513} INFO - Exporting env vars: AIRFLOW_CTX_DAG_OWNER='environmental_team' AIRFLOW_CTX_DAG_ID='environmental_data_pipeline' AIRFLOW_CTX_TASK_ID='check_database_connection' AIRFLOW_CTX_EXECUTION_DATE='2025-10-10T07:00:00+00:00' AIRFLOW_CTX_TRY_NUMBER='5' AIRFLOW_CTX_DAG_RUN_ID='scheduled__2025-10-10T07:00:00+00:00'
[2025-10-10T08:21:18.951+0000] {database.py:29} ERROR - ❌ Database connection failed: could not translate host name "postgres_data" to address: Name or service not known

[2025-10-10T08:21:18.952+0000] {logging_mixin.py:188} INFO - ❌ Database connection failed: could not translate host name "postgres_data" to address: Name or service not known
[2025-10-10T08:21:18.953+0000] {taskinstance.py:2731} ERROR - Task failed with exception
Traceback (most recent call last):
  File "/home/airflow/.local/lib/python3.10/site-packages/airflow/models/taskinstance.py", line 444, in _execute_task
    result = _execute_callable(context=context, **execute_callable_kwargs)
  File "/home/airflow/.local/lib/python3.10/site-packages/airflow/models/taskinstance.py", line 414, in _execute_callable
    return execute_callable(context=context, **execute_callable_kwargs)
  File "/home/airflow/.local/lib/python3.10/site-packages/airflow/operators/python.py", line 200, in execute
    return_value = self.execute_callable()
  File "/home/airflow/.local/lib/python3.10/site-packages/airflow/operators/python.py", line 217, in execute_callable
    return self.python_callable(*self.op_args, **self.op_kwargs)
  File "/opt/airflow/dags/environmental_data_pipeline.py", line 43, in check_database_connection
    db = DatabaseManager()
  File "/opt/airflow/environmental-pulse/src/database.py", line 20, in __init__
    self.connect()
  File "/opt/airflow/environmental-pulse/src/database.py", line 26, in connect
    self.connection = psycopg2.connect(**DB_CONFIG)
  File "/home/airflow/.local/lib/python3.10/site-packages/psycopg2/__init__.py", line 122, in connect
    conn = _connect(dsn, connection_factory=connection_factory, **kwasync)
psycopg2.OperationalError: could not translate host name "postgres_data" to address: Name or service not known

[2025-10-10T08:21:18.968+0000] {taskinstance.py:1149} INFO - Marking task as UP_FOR_RETRY. dag_id=environmental_data_pipeline, task_id=check_database_connection, execution_date=20251010T070000, start_date=20251010T082115, end_date=20251010T082118
[2025-10-10T08:21:18.988+0000] {standard_task_runner.py:107} ERROR - Failed to execute job 15 for task check_database_connection (could not translate host name "postgres_data" to address: Name or service not known
; 182)
[2025-10-10T08:21:19.041+0000] {local_task_job_runner.py:234} INFO - Task exited with return code 1
[2025-10-10T08:21:19.070+0000] {taskinstance.py:3312} INFO - 0 downstream tasks scheduled from follow-on schedule check
